::warning::stage 'ui' has no analyzer implementation in the current runner; skipping
::warning::stage 'rpc' has no analyzer implementation in the current runner; skipping
::warning::stage 'diff' has no analyzer implementation in the current runner; skipping
configured repository: https://github.com/immunefi-team/audit-comp-ens.git
configured assets: explorer, manager, smart-account, transaction-manager, workers
requested stages: sast, symbolic, fuzz, deps, secrets, ui, rpc, diff, known_filter, report
analysis stages: sast, symbolic, fuzz, deps, secrets
strict analyzer failures: False
complete manager:sast; findings=52
complete manager:symbolic; findings=0
complete manager:fuzz; findings=0
complete manager:deps; findings=0
failed manager:secrets; RuntimeError: trufflehog failed: {"level":"info-0","ts":"2026-09-12T07:19:00Z","logger":"trufflehog","msg":"git clone failed","subcommand":"git clone","repo":"file:///home/runner/ens-audit/repos/audit-comp-ens/apps/manager","path":"/tmp/trufflehog-3533-2194711194","args":[],"error":"error executing git clone: exit status 128, fatal: '/home/runner/ens-audit/repos/audit-comp-ens/apps/manager' does not appear to be a git repository\nfatal: Could not read from remote repository.\n\nPlease make sure you have the correct access rights\nand the repository exists.\n"}
{"level":"error","ts":"2026-09-12T07:19:00Z","logger":"trufflehog","msg":"error running scan","error":"failed to scan Git: error preparing repo: failed to clone file Git repo (file:///home/runner/ens-audit/repos/audit-comp-ens/apps/manager): could not clone repo: file:///home/runner/ens-audit/repos/audit-comp-ens/apps/manager, error executing git clone: exit status 128, fatal: '/home/runner/ens-audit/repos/audit-comp-ens/apps/manager' does not appear to be a git repository\nfatal: Could not read from remote repository.\n\nPlease make sure you have the correct access rights\nand the repository exists.\n"}
complete explorer:sast; findings=65
complete explorer:symbolic; findings=0
complete explorer:fuzz; findings=0
complete explorer:deps; findings=0
failed explorer:secrets; RuntimeError: trufflehog failed: {"level":"info-0","ts":"2026-09-12T07:19:13Z","logger":"trufflehog","msg":"git clone failed","subcommand":"git clone","repo":"file:///home/runner/ens-audit/repos/audit-comp-ens/apps/portal","path":"/tmp/trufflehog-3604-2923251281","args":[],"error":"error executing git clone: exit status 128, fatal: '/home/runner/ens-audit/repos/audit-comp-ens/apps/portal' does not appear to be a git repository\nfatal: Could not read from remote repository.\n\nPlease make sure you have the correct access rights\nand the repository exists.\n"}
{"level":"error","ts":"2026-09-12T07:19:13Z","logger":"trufflehog","msg":"error running scan","error":"failed to scan Git: error preparing repo: failed to clone file Git repo (file:///home/runner/ens-audit/repos/audit-comp-ens/apps/portal): could not clone repo: file:///home/runner/ens-audit/repos/audit-comp-ens/apps/portal, error executing git clone: exit status 128, fatal: '/home/runner/ens-audit/repos/audit-comp-ens/apps/portal' does not appear to be a git repository\nfatal: Could not read from remote repository.\n\nPlease make sure you have the correct access rights\nand the repository exists.\n"}
complete workers:sast; findings=25
complete workers:symbolic; findings=0
complete workers:fuzz; findings=0
complete workers:deps; findings=0
failed workers:secrets; RuntimeError: trufflehog failed: {"level":"info-0","ts":"2026-09-12T07:19:20Z","logger":"trufflehog","msg":"git clone failed","subcommand":"git clone","repo":"file:///home/runner/ens-audit/repos/audit-comp-ens/workers","path":"/tmp/trufflehog-3676-4182953891","args":[],"error":"error executing git clone: exit status 128, fatal: '/home/runner/ens-audit/repos/audit-comp-ens/workers' does not appear to be a git repository\nfatal: Could not read from remote repository.\n\nPlease make sure you have the correct access rights\nand the repository exists.\n"}
{"level":"error","ts":"2026-09-12T07:19:20Z","logger":"trufflehog","msg":"error running scan","error":"failed to scan Git: error preparing repo: failed to clone file Git repo (file:///home/runner/ens-audit/repos/audit-comp-ens/workers): could not clone repo: file:///home/runner/ens-audit/repos/audit-comp-ens/workers, error executing git clone: exit status 128, fatal: '/home/runner/ens-audit/repos/audit-comp-ens/workers' does not appear to be a git repository\nfatal: Could not read from remote repository.\n\nPlease make sure you have the correct access rights\nand the repository exists.\n"}
complete transaction-manager:sast; findings=45
complete transaction-manager:symbolic; findings=0
complete transaction-manager:fuzz; findings=0
complete transaction-manager:deps; findings=0
failed transaction-manager:secrets; RuntimeError: trufflehog failed: {"level":"info-0","ts":"2026-09-12T07:19:26Z","logger":"trufflehog","msg":"git clone failed","subcommand":"git clone","repo":"file:///home/runner/ens-audit/repos/audit-comp-ens/packages/transaction-manager","path":"/tmp/trufflehog-3748-1728269604","args":[],"error":"error executing git clone: exit status 128, fatal: '/home/runner/ens-audit/repos/audit-comp-ens/packages/transaction-manager' does not appear to be a git repository\nfatal: Could not read from remote repository.\n\nPlease make sure you have the correct access rights\nand the repository exists.\n"}
{"level":"error","ts":"2026-09-12T07:19:26Z","logger":"trufflehog","msg":"error running scan","error":"failed to scan Git: error preparing repo: failed to clone file Git repo (file:///home/runner/ens-audit/repos/audit-comp-ens/packages/transaction-manager): could not clone repo: file:///home/runner/ens-audit/repos/audit-comp-ens/packages/transaction-manager, error executing git clone: exit status 128, fatal: '/home/runner/ens-audit/repos/audit-comp-ens/packages/transaction-manager' does not appear to be a git repository\nfatal: Could not read from remote repository.\n\nPlease make sure you have the correct access rights\nand the repository exists.\n"}
complete smart-account:sast; findings=13
complete smart-account:symbolic; findings=0
complete smart-account:fuzz; findings=0
complete smart-account:deps; findings=0
failed smart-account:secrets; RuntimeError: trufflehog failed: {"level":"info-0","ts":"2026-09-12T07:19:31Z","logger":"trufflehog","msg":"git clone failed","subcommand":"git clone","repo":"file:///home/runner/ens-audit/repos/audit-comp-ens/packages/smart-account","path":"/tmp/trufflehog-3820-1442822587","args":[],"error":"error executing git clone: exit status 128, fatal: '/home/runner/ens-audit/repos/audit-comp-ens/packages/smart-account' does not appear to be a git repository\nfatal: Could not read from remote repository.\n\nPlease make sure you have the correct access rights\nand the repository exists.\n"}
{"level":"error","ts":"2026-09-12T07:19:31Z","logger":"trufflehog","msg":"error running scan","error":"failed to scan Git: error preparing repo: failed to clone file Git repo (file:///home/runner/ens-audit/repos/audit-comp-ens/packages/smart-account): could not clone repo: file:///home/runner/ens-audit/repos/audit-comp-ens/packages/smart-account, error executing git clone: exit status 128, fatal: '/home/runner/ens-audit/repos/audit-comp-ens/packages/smart-account' does not appear to be a git repository\nfatal: Could not read from remote repository.\n\nPlease make sure you have the correct access rights\nand the repository exists.\n"}
normalized report output: /home/runner/work/test/test/out
finding count: 200
finding buckets: new=193 escaped=7 suppressed=0 informational=0 rejected=0
